
 ⛅️ wrangler 4.94.0 (update available 4.107.0)
──────────────────────────────────────────────
✨ Compiled Worker successfully
Your Worker has access to the following bindings:
Binding                                                                   Resource                  Mode
env.CF_PAGES ("1")                                                        Environment Variable      local
env.CF_PAGES_BRANCH ("main")                                              Environment Variable      local
env.CF_PAGES_COMMIT_SHA ("1a37794dd32eb8399102c21397a97a6212c54...")      Environment Variable      local
env.CF_PAGES_URL ("https://1a37794.krit-gold.pages.dev")                  Environment Variable      local

⎔ Starting local server...
[wrangler:info] Ready on http://0.0.0.0:8788
[wrangler:info] - http://127.0.0.1:8788
[wrangler:info] - http://192.168.1.151:8788
[wrangler:info] GET / 304 Not Modified (12ms)
[wrangler:info] GET /css/style.css 304 Not Modified (8ms)
[wrangler:info] GET /js/app.js 304 Not Modified (7ms)
[wrangler:info] GET /images/logo.jpg 304 Not Modified (10ms)
[wrangler:info] GET /images/xray.png 304 Not Modified (13ms)
[wrangler:info] GET /images/bg.png 304 Not Modified (4ms)
[wrangler:info] GET /images/banner.jpg 304 Not Modified (7ms)
[wrangler:info] GET /images/cover.jpg 304 Not Modified (5ms)
[wrangler:info] GET /images/logo.jpg 304 Not Modified (6ms)
[wrangler:info] GET /api/gold 200 OK (378ms)
[wrangler:info] GET /api/xag 200 OK (735ms)
