[Sun 05/10/2026 19:29:05.43] Starting Wrangler Pages Dev Server... 

 ⛅️ wrangler 4.90.0
───────────────────
[33m▲ [43;33m[[43;30mWARNING[43;33m][0m [1mNo compatibility_date was specified. Using today's date: 2026-05-10.[0m

  ❯❯ Add one to your Wrangler configuration file: compatibility_date = "2026-05-10", or
  ❯❯ Pass it in your terminal: wrangler pages dev [<DIRECTORY>] --compatibility-date=2026-05-10
  
  See [4mhttps://developers.cloudflare.com/workers/platform/compatibility-dates/[0m for more information.


✨ Compiled Worker successfully
Your Worker has access to the following bindings:
Binding                                                                   Resource                  Mode
env.CF_PAGES ("1")                                                        Environment Variable      local
env.CF_PAGES_BRANCH ("main")                                              Environment Variable      local
env.CF_PAGES_COMMIT_SHA ("df68aee62cc205ee35e404b4819934937cbc7...")      Environment Variable      local
env.CF_PAGES_URL ("https://df68aee.krit-gold.pages.dev")                  Environment Variable      local

⎔ Starting local server...
[wrangler:info] Ready on http://0.0.0.0:8788
[wrangler:info] - http://192.168.1.124:8788
[wrangler:info] - http://127.0.0.1:8788
[wrangler:info] - http://172.24.48.1:8788
[Sun 05/10/2026 19:36:46.41] Starting Wrangler Pages Dev Server in C:\Users\Fischer\krit-gold 

 ⛅️ wrangler 4.90.0
───────────────────
[33m▲ [43;33m[[43;30mWARNING[43;33m][0m [1mNo compatibility_date was specified. Using today's date: 2026-05-10.[0m

  ❯❯ Add one to your Wrangler configuration file: compatibility_date = "2026-05-10", or
  ❯❯ Pass it in your terminal: wrangler pages dev [<DIRECTORY>] --compatibility-date=2026-05-10
  
  See [4mhttps://developers.cloudflare.com/workers/platform/compatibility-dates/[0m for more information.


✨ Compiled Worker successfully
Your Worker has access to the following bindings:
Binding                                                                   Resource                  Mode
env.CF_PAGES ("1")                                                        Environment Variable      local
env.CF_PAGES_BRANCH ("main")                                              Environment Variable      local
env.CF_PAGES_COMMIT_SHA ("df68aee62cc205ee35e404b4819934937cbc7...")      Environment Variable      local
env.CF_PAGES_URL ("https://df68aee.krit-gold.pages.dev")                  Environment Variable      local

⎔ Starting local server...
[wrangler:info] Ready on http://0.0.0.0:8788
[wrangler:info] - http://192.168.1.124:8788
[wrangler:info] - http://127.0.0.1:8788
[wrangler:info] - http://172.24.48.1:8788
[wrangler:info] GET / 304 Not Modified (28ms)
[wrangler:info] GET /css/style.css 304 Not Modified (9ms)
[wrangler:info] GET /images/logo.jpg 304 Not Modified (12ms)
[wrangler:info] GET /js/app.js 304 Not Modified (12ms)
[wrangler:info] GET /images/xray.png 304 Not Modified (19ms)
[wrangler:info] GET /images/bg.png 304 Not Modified (5ms)
[wrangler:info] GET /images/cover.jpg 304 Not Modified (72ms)
[wrangler:info] GET /images/banner.jpg 304 Not Modified (72ms)
[wrangler:info] GET /images/logo.jpg 304 Not Modified (12ms)
[wrangler:info] GET /api/gold 200 OK (380ms)
[wrangler:info] GET /api/xag 200 OK (431ms)
[wrangler:info] GET / 304 Not Modified (9ms)
[wrangler:info] GET /css/style.css 304 Not Modified (9ms)
[wrangler:info] GET /js/app.js 304 Not Modified (16ms)
[wrangler:info] GET /images/xray.png 304 Not Modified (22ms)
[wrangler:info] GET /images/logo.jpg 304 Not Modified (13ms)
[wrangler:info] GET /images/bg.png 304 Not Modified (8ms)
[wrangler:info] GET /images/cover.jpg 304 Not Modified (5ms)
[wrangler:info] GET /images/banner.jpg 304 Not Modified (7ms)
[wrangler:info] GET /api/gold 200 OK (284ms)
[wrangler:info] GET /api/xag 200 OK (341ms)
^C[Sun 05/10/2026 19:38:32.04] Starting Wrangler Pages Dev Server in c:\Users\Fischer\krit-gold 

 ⛅️ wrangler 4.90.0
───────────────────
[33m▲ [43;33m[[43;30mWARNING[43;33m][0m [1mNo compatibility_date was specified. Using today's date: 2026-05-10.[0m

  ❯❯ Add one to your Wrangler configuration file: compatibility_date = "2026-05-10", or
  ❯❯ Pass it in your terminal: wrangler pages dev [<DIRECTORY>] --compatibility-date=2026-05-10
  
  See [4mhttps://developers.cloudflare.com/workers/platform/compatibility-dates/[0m for more information.


✨ Compiled Worker successfully
Your Worker has access to the following bindings:
Binding                                                                   Resource                  Mode
env.CF_PAGES ("1")                                                        Environment Variable      local
env.CF_PAGES_BRANCH ("main")                                              Environment Variable      local
env.CF_PAGES_COMMIT_SHA ("df68aee62cc205ee35e404b4819934937cbc7...")      Environment Variable      local
env.CF_PAGES_URL ("https://df68aee.krit-gold.pages.dev")                  Environment Variable      local

⎔ Starting local server...
[wrangler:info] Ready on http://0.0.0.0:8788
[wrangler:info] - http://192.168.1.124:8788
[wrangler:info] - http://127.0.0.1:8788
[wrangler:info] - http://172.24.48.1:8788
[wrangler:info] GET / 304 Not Modified (26ms)
[wrangler:info] GET /css/style.css 304 Not Modified (10ms)
[wrangler:info] GET /images/logo.jpg 304 Not Modified (13ms)
[wrangler:info] GET /js/app.js 304 Not Modified (12ms)
[wrangler:info] GET /images/xray.png 304 Not Modified (22ms)
[wrangler:info] GET /images/bg.png 304 Not Modified (5ms)
[wrangler:info] GET /images/cover.jpg 304 Not Modified (10ms)
[wrangler:info] GET /images/banner.jpg 304 Not Modified (12ms)
[wrangler:info] GET /api/gold 200 OK (246ms)
[wrangler:info] GET /api/xag 200 OK (293ms)
[Sun 05/10/2026 19:41:42.78] Starting Wrangler Pages Dev Server in c:\Users\Fischer\krit-gold 

 ⛅️ wrangler 4.90.0
───────────────────
[33m▲ [43;33m[[43;30mWARNING[43;33m][0m [1mNo compatibility_date was specified. Using today's date: 2026-05-10.[0m

  ❯❯ Add one to your Wrangler configuration file: compatibility_date = "2026-05-10", or
  ❯❯ Pass it in your terminal: wrangler pages dev [<DIRECTORY>] --compatibility-date=2026-05-10
  
  See [4mhttps://developers.cloudflare.com/workers/platform/compatibility-dates/[0m for more information.


✨ Compiled Worker successfully
Your Worker has access to the following bindings:
Binding                                                                   Resource                  Mode
env.CF_PAGES ("1")                                                        Environment Variable      local
env.CF_PAGES_BRANCH ("main")                                              Environment Variable      local
env.CF_PAGES_COMMIT_SHA ("df68aee62cc205ee35e404b4819934937cbc7...")      Environment Variable      local
env.CF_PAGES_URL ("https://df68aee.krit-gold.pages.dev")                  Environment Variable      local

⎔ Starting local server...
[wrangler:info] Ready on http://0.0.0.0:8788
[wrangler:info] - http://192.168.1.124:8788
[wrangler:info] - http://127.0.0.1:8788
[wrangler:info] - http://172.24.48.1:8788
[wrangler:info] GET / 304 Not Modified (15ms)
[wrangler:info] GET /css/style.css 304 Not Modified (9ms)
[wrangler:info] GET /images/logo.jpg 304 Not Modified (9ms)
[wrangler:info] GET /js/app.js 304 Not Modified (11ms)
[wrangler:info] GET /images/xray.png 304 Not Modified (15ms)
[wrangler:info] GET /images/bg.png 304 Not Modified (4ms)
[wrangler:info] GET /images/cover.jpg 304 Not Modified (5ms)
[wrangler:info] GET /images/banner.jpg 304 Not Modified (6ms)
[wrangler:info] GET /api/gold 200 OK (187ms)
[wrangler:info] GET /api/xag 200 OK (285ms)
[wrangler:info] GET /api/gold 200 OK (175ms)
[wrangler:info] GET /api/xag 200 OK (342ms)
[wrangler:info] GET /api/gold 200 OK (188ms)
[wrangler:info] GET /api/xag 200 OK (311ms)
[wrangler:info] GET /api/gold 200 OK (237ms)
[wrangler:info] GET /api/xag 200 OK (294ms)
[wrangler:info] GET /api/gold 200 OK (280ms)
[wrangler:info] GET /api/xag 200 OK (507ms)
[wrangler:info] GET /api/gold 200 OK (387ms)
[wrangler:info] GET /api/xag 200 OK (507ms)
[wrangler:info] GET /api/gold 200 OK (179ms)
[wrangler:info] GET /api/xag 200 OK (290ms)
[wrangler:info] GET / 304 Not Modified (7ms)
[wrangler:info] GET /images/logo.jpg 304 Not Modified (7ms)
[wrangler:info] GET /css/style.css 304 Not Modified (4ms)
[wrangler:info] GET /images/xray.png 304 Not Modified (10ms)
[wrangler:info] GET /js/app.js 304 Not Modified (10ms)
[wrangler:info] GET /images/bg.png 304 Not Modified (8ms)
[wrangler:info] GET /images/cover.jpg 304 Not Modified (4ms)
[wrangler:info] GET /images/banner.jpg 304 Not Modified (6ms)
[wrangler:info] GET /images/logo.jpg 304 Not Modified (6ms)
[wrangler:info] GET /api/gold 200 OK (543ms)
[wrangler:info] GET /api/xag 200 OK (339ms)
[wrangler:info] GET /api/gold 200 OK (370ms)
[wrangler:info] GET /api/xag 200 OK (380ms)
[wrangler:info] GET /api/gold 200 OK (466ms)
[wrangler:info] GET / 304 Not Modified (5ms)
[wrangler:info] GET /css/style.css 304 Not Modified (6ms)
[wrangler:info] GET /api/xag 200 OK (446ms)
[wrangler:info] GET /images/logo.jpg 304 Not Modified (6ms)
[wrangler:info] GET /js/app.js 304 Not Modified (17ms)
[wrangler:info] GET /images/xray.png 304 Not Modified (17ms)
[wrangler:info] GET /images/bg.png 304 Not Modified (6ms)
[wrangler:info] GET /images/cover.jpg 304 Not Modified (3ms)
[wrangler:info] GET /images/banner.jpg 304 Not Modified (4ms)
[wrangler:info] GET /images/logo.jpg 304 Not Modified (7ms)
[wrangler:info] GET /api/gold 200 OK (195ms)
[wrangler:info] GET /api/xag 200 OK (300ms)
[wrangler:info] GET /api/gold 200 OK (354ms)
[wrangler:info] GET /api/xag 200 OK (407ms)
[wrangler:info] GET /api/gold 200 OK (175ms)
[wrangler:info] GET /api/xag 200 OK (279ms)
[wrangler:info] GET /api/gold 200 OK (407ms)
[wrangler:info] GET / 200 OK (8ms)
[wrangler:info] GET /api/xag 200 OK (484ms)
[wrangler:info] GET /css/style.css 200 OK (6ms)
[wrangler:info] GET /js/app.js 200 OK (8ms)
[wrangler:info] GET /images/logo.jpg 200 OK (16ms)
[wrangler:info] GET /images/xray.png 200 OK (37ms)
[wrangler:info] GET / 200 OK (5ms)
[wrangler:info] GET /css/style.css 200 OK (7ms)
[wrangler:info] GET /images/logo.jpg 200 OK (8ms)
[wrangler:info] GET /images/xray.png 200 OK (17ms)
[wrangler:info] GET /js/app.js 200 OK (25ms)
[wrangler:info] GET /images/bg.png 200 OK (5ms)
[wrangler:info] GET /images/cover.jpg 200 OK (6ms)
[wrangler:info] GET /images/banner.jpg 200 OK (9ms)
[wrangler:info] GET /api/gold 200 OK (70ms)
[wrangler:info] GET /images/logo.jpg 200 OK (11ms)
[wrangler:info] GET /api/xag 200 OK (248ms)
[wrangler:info] GET / 200 OK (7ms)
[wrangler:info] GET /css/style.css 200 OK (8ms)
[wrangler:info] GET /images/logo.jpg 200 OK (11ms)
[wrangler:info] GET /js/app.js 200 OK (14ms)
[wrangler:info] GET /images/xray.png 200 OK (22ms)
[wrangler:info] GET /images/bg.png 200 OK (5ms)
[wrangler:info] GET /images/cover.jpg 200 OK (6ms)
[wrangler:info] GET /images/banner.jpg 200 OK (7ms)
[wrangler:info] GET /api/gold 200 OK (176ms)
[wrangler:info] GET /api/xag 200 OK (369ms)
[wrangler:info] GET /images/logo.jpg 200 OK (8ms)
[wrangler:info] GET /api/gold 200 OK (461ms)
[wrangler:info] GET /api/xag 200 OK (400ms)
[wrangler:info] GET /api/gold 200 OK (309ms)
[wrangler:info] GET /api/xag 200 OK (338ms)
[wrangler:info] GET /api/gold 200 OK (771ms)
[wrangler:info] GET /api/xag 200 OK (403ms)
[wrangler:info] GET /api/gold 200 OK (362ms)
[wrangler:info] GET /api/xag 200 OK (402ms)
[wrangler:info] GET /api/gold 200 OK (365ms)
[wrangler:info] GET /api/xag 200 OK (300ms)
[wrangler:info] GET /api/gold 200 OK (474ms)
[wrangler:info] GET /api/xag 200 OK (302ms)
[wrangler:info] GET / 304 Not Modified (8ms)
[wrangler:info] GET /css/style.css 304 Not Modified (6ms)
[wrangler:info] GET /images/xray.png 304 Not Modified (16ms)
[wrangler:info] GET /images/logo.jpg 304 Not Modified (9ms)
[wrangler:info] GET /js/app.js 200 OK (16ms)
[wrangler:info] GET /images/bg.png 304 Not Modified (3ms)
[wrangler:info] GET /images/cover.jpg 304 Not Modified (75ms)
[wrangler:info] GET /images/banner.jpg 304 Not Modified (74ms)
[wrangler:info] GET /api/gold 200 OK (436ms)
[wrangler:info] GET /api/xag 200 OK (333ms)
[Sun 05/10/2026 20:29:58.34] Starting Wrangler Pages Dev Server in c:\Users\Fischer\krit-gold 

 ⛅️ wrangler 4.90.0
───────────────────
[33m▲ [43;33m[[43;30mWARNING[43;33m][0m [1mNo compatibility_date was specified. Using today's date: 2026-05-10.[0m

  ❯❯ Add one to your Wrangler configuration file: compatibility_date = "2026-05-10", or
  ❯❯ Pass it in your terminal: wrangler pages dev [<DIRECTORY>] --compatibility-date=2026-05-10
  
  See [4mhttps://developers.cloudflare.com/workers/platform/compatibility-dates/[0m for more information.


✨ Compiled Worker successfully
Your Worker has access to the following bindings:
Binding                                                                   Resource                  Mode
env.CF_PAGES ("1")                                                        Environment Variable      local
env.CF_PAGES_BRANCH ("main")                                              Environment Variable      local
env.CF_PAGES_COMMIT_SHA ("204a6dff7cd8262be8a4b2d748d7b7c5e20fb...")      Environment Variable      local
env.CF_PAGES_URL ("https://204a6df.krit-gold.pages.dev")                  Environment Variable      local

⎔ Starting local server...
[wrangler:info] Ready on http://0.0.0.0:8788
[wrangler:info] - http://192.168.1.124:8788
[wrangler:info] - http://127.0.0.1:8788
[wrangler:info] - http://172.24.48.1:8788
[wrangler:info] GET / 304 Not Modified (20ms)
[wrangler:info] GET /css/style.css 304 Not Modified (9ms)
[wrangler:info] GET /js/app.js 304 Not Modified (13ms)
[wrangler:info] GET /images/logo.jpg 304 Not Modified (11ms)
[wrangler:info] GET /images/xray.png 304 Not Modified (18ms)
[wrangler:info] GET /images/bg.png 304 Not Modified (5ms)
[wrangler:info] GET /images/cover.jpg 304 Not Modified (59ms)
[wrangler:info] GET /images/banner.jpg 304 Not Modified (61ms)
[wrangler:info] GET /api/gold 200 OK (268ms)
[wrangler:info] GET /api/xag 200 OK (378ms)
[wrangler:info] GET /api/gold 200 OK (307ms)
[wrangler:info] GET /api/xag 200 OK (507ms)
[wrangler:info] GET / 304 Not Modified (13ms)
[wrangler:info] GET /css/style.css 304 Not Modified (5ms)
[wrangler:info] GET /images/logo.jpg 304 Not Modified (10ms)
[wrangler:info] GET /js/app.js 200 OK (10ms)
[wrangler:info] GET /images/xray.png 304 Not Modified (16ms)
[wrangler:info] GET /images/bg.png 304 Not Modified (5ms)
[wrangler:info] GET /images/cover.jpg 304 Not Modified (4ms)
[wrangler:info] GET /images/banner.jpg 304 Not Modified (6ms)
[wrangler:info] GET /api/gold 200 OK (169ms)
[wrangler:info] GET /api/xag 200 OK (341ms)
[wrangler:info] GET / 200 OK (16ms)
[wrangler:info] GET /css/style.css 200 OK (13ms)
[wrangler:info] GET /js/app.js 200 OK (15ms)
[wrangler:info] GET /images/logo.jpg 200 OK (20ms)
[wrangler:info] GET /images/xray.png 200 OK (43ms)
[wrangler:info] GET /images/bg.png 200 OK (9ms)
[wrangler:info] GET /images/cover.jpg 200 OK (5ms)
[wrangler:info] GET /images/banner.jpg 200 OK (9ms)
[wrangler:info] GET /api/gold 200 OK (149ms)
[wrangler:info] GET /images/logo.jpg 304 Not Modified (6ms)
[wrangler:info] GET /api/xag 200 OK (312ms)
[wrangler:info] GET /images/logo.jpg 304 Not Modified (6ms)
[Mon 05/11/2026 10:24:56.94] Starting Wrangler Pages Dev Server in c:\Users\Fischer\krit-gold 

 ⛅️ wrangler 4.90.0
───────────────────
[33m▲ [43;33m[[43;30mWARNING[43;33m][0m [1mNo compatibility_date was specified. Using today's date: 2026-05-11.[0m

  ❯❯ Add one to your Wrangler configuration file: compatibility_date = "2026-05-11", or
  ❯❯ Pass it in your terminal: wrangler pages dev [<DIRECTORY>] --compatibility-date=2026-05-11
  
  See [4mhttps://developers.cloudflare.com/workers/platform/compatibility-dates/[0m for more information.


✨ Compiled Worker successfully
Your Worker has access to the following bindings:
Binding                                                                   Resource                  Mode
env.CF_PAGES ("1")                                                        Environment Variable      local
env.CF_PAGES_BRANCH ("main")                                              Environment Variable      local
env.CF_PAGES_COMMIT_SHA ("204a6dff7cd8262be8a4b2d748d7b7c5e20fb...")      Environment Variable      local
env.CF_PAGES_URL ("https://204a6df.krit-gold.pages.dev")                  Environment Variable      local

⎔ Starting local server...
[wrangler:info] Ready on http://0.0.0.0:8788
[wrangler:info] - http://192.168.1.124:8788
[wrangler:info] - http://127.0.0.1:8788
[wrangler:info] - http://172.24.48.1:8788
[wrangler:info] GET / 304 Not Modified (22ms)
[wrangler:info] GET /css/style.css 304 Not Modified (8ms)
[wrangler:info] GET /js/app.js 304 Not Modified (13ms)
[wrangler:info] GET /images/logo.jpg 304 Not Modified (11ms)
[wrangler:info] GET /images/xray.png 304 Not Modified (20ms)
[wrangler:info] GET /images/bg.png 304 Not Modified (5ms)
[wrangler:info] GET /images/cover.jpg 304 Not Modified (82ms)
[wrangler:info] GET /images/banner.jpg 304 Not Modified (83ms)
[wrangler:info] GET /api/gold 200 OK (359ms)
[wrangler:info] GET /api/xag 200 OK (402ms)
[wrangler:info] GET /api/gold 200 OK (174ms)
[wrangler:info] GET /api/xag 200 OK (232ms)
[wrangler:info] GET /api/gold 200 OK (212ms)
[wrangler:info] GET /api/xag 200 OK (274ms)
[wrangler:info] GET /api/gold 200 OK (186ms)
[wrangler:info] GET /api/xag 200 OK (493ms)
[wrangler:info] GET /api/gold 200 OK (179ms)
[wrangler:info] GET /api/xag 200 OK (303ms)
[wrangler:info] GET /api/gold 200 OK (285ms)
[wrangler:info] GET /api/xag 200 OK (510ms)
[wrangler:info] GET /api/gold 200 OK (187ms)
[wrangler:info] GET /api/xag 200 OK (407ms)
[wrangler:info] GET /api/gold 200 OK (445ms)
[wrangler:info] GET /api/xag 200 OK (228ms)
[wrangler:info] GET /api/gold 200 OK (194ms)
[wrangler:info] GET /api/xag 200 OK (291ms)
[wrangler:info] GET /api/gold 200 OK (156ms)
[wrangler:info] GET /api/xag 200 OK (407ms)
[wrangler:info] GET /api/gold 200 OK (342ms)
[wrangler:info] GET /api/xag 200 OK (505ms)
[wrangler:info] GET /api/gold 200 OK (119ms)
[wrangler:info] GET /api/xag 200 OK (416ms)
[wrangler:info] GET /api/gold 200 OK (225ms)
[wrangler:info] GET /api/xag 200 OK (405ms)
[wrangler:info] GET /api/gold 200 OK (238ms)
[wrangler:info] GET /api/xag 200 OK (255ms)
[wrangler:info] GET /api/gold 200 OK (136ms)
[wrangler:info] GET /api/xag 200 OK (294ms)
[Mon 05/11/2026 18:37:52.12] Starting Wrangler Pages Dev Server in c:\Users\Fischer\krit-gold 

 ⛅️ wrangler 4.90.0
───────────────────
[33m▲ [43;33m[[43;30mWARNING[43;33m][0m [1mNo compatibility_date was specified. Using today's date: 2026-05-11.[0m

  ❯❯ Add one to your Wrangler configuration file: compatibility_date = "2026-05-11", or
  ❯❯ Pass it in your terminal: wrangler pages dev [<DIRECTORY>] --compatibility-date=2026-05-11
  
  See [4mhttps://developers.cloudflare.com/workers/platform/compatibility-dates/[0m for more information.


✨ Compiled Worker successfully
Your Worker has access to the following bindings:
Binding                                                                   Resource                  Mode
env.CF_PAGES ("1")                                                        Environment Variable      local
env.CF_PAGES_BRANCH ("main")                                              Environment Variable      local
env.CF_PAGES_COMMIT_SHA ("204a6dff7cd8262be8a4b2d748d7b7c5e20fb...")      Environment Variable      local
env.CF_PAGES_URL ("https://204a6df.krit-gold.pages.dev")                  Environment Variable      local

⎔ Starting local server...
[wrangler:info] Ready on http://0.0.0.0:8788
[wrangler:info] - http://192.168.1.124:8788
[wrangler:info] - http://127.0.0.1:8788
[wrangler:info] - http://172.24.48.1:8788
[wrangler:info] GET / 304 Not Modified (41ms)
[wrangler:info] GET /css/style.css 304 Not Modified (8ms)
[wrangler:info] GET /js/app.js 304 Not Modified (12ms)
[wrangler:info] GET /images/logo.jpg 304 Not Modified (10ms)
[wrangler:info] GET /images/xray.png 304 Not Modified (15ms)
[wrangler:info] GET /images/bg.png 304 Not Modified (4ms)
[wrangler:info] GET /images/cover.jpg 304 Not Modified (75ms)
[wrangler:info] GET /images/banner.jpg 304 Not Modified (76ms)
[wrangler:info] GET /api/gold 200 OK (311ms)
[wrangler:info] GET /api/xag 200 OK (754ms)
[wrangler:info] GET /api/gold 200 OK (390ms)
[wrangler:info] GET /api/xag 200 OK (510ms)
[wrangler:info] GET /api/gold 200 OK (281ms)
[wrangler:info] GET /api/xag 200 OK (405ms)
[wrangler:info] GET /api/gold 200 OK (286ms)
[wrangler:info] GET /api/xag 200 OK (508ms)
[wrangler:info] GET /api/gold 200 OK (392ms)
[wrangler:info] GET /api/xag 200 OK (401ms)
[wrangler:info] GET /api/gold 200 OK (293ms)
[wrangler:info] GET /api/xag 200 OK (504ms)
[wrangler:info] GET /api/gold 200 OK (170ms)
[wrangler:info] GET /api/xag 200 OK (430ms)
[wrangler:info] GET /api/gold 200 OK (377ms)
[wrangler:info] GET /api/xag 200 OK (506ms)
[wrangler:info] GET /api/gold 200 OK (195ms)
[wrangler:info] GET /api/xag 200 OK (353ms)
[wrangler:info] GET /api/gold 200 OK (183ms)
[wrangler:info] GET /api/xag 200 OK (295ms)
[wrangler:info] GET /api/gold 200 OK (505ms)
[wrangler:info] GET /api/xag 200 OK (578ms)
[wrangler:info] GET /api/gold 200 OK (388ms)
[wrangler:info] GET /api/xag 200 OK (385ms)
[wrangler:info] GET /api/gold 200 OK (299ms)
[wrangler:info] GET /api/xag 200 OK (506ms)
[wrangler:info] GET /api/gold 200 OK (306ms)
[wrangler:info] GET /api/xag 200 OK (503ms)
[wrangler:info] GET /api/gold 200 OK (320ms)
[wrangler:info] GET /api/xag 200 OK (488ms)
[wrangler:info] GET /api/gold 200 OK (184ms)
[wrangler:info] GET /api/xag 200 OK (549ms)
[wrangler:info] GET /api/gold 200 OK (174ms)
[wrangler:info] GET /api/xag 200 OK (296ms)
[wrangler:info] GET /api/gold 200 OK (460ms)
[wrangler:info] GET /api/xag 200 OK (610ms)
[wrangler:info] GET /api/gold 200 OK (286ms)
[wrangler:info] GET /api/xag 200 OK (813ms)
[wrangler:info] GET /api/gold 200 OK (578ms)
[wrangler:info] GET /api/xag 200 OK (449ms)
[wrangler:info] GET /api/gold 200 OK (350ms)
[wrangler:info] GET /api/xag 200 OK (3371ms)
[wrangler:info] GET /api/gold 200 OK (322ms)
[wrangler:info] GET /api/xag 200 OK (561ms)
[wrangler:info] GET /api/gold 200 OK (412ms)
[wrangler:info] GET /api/xag 200 OK (500ms)
[wrangler:info] GET /api/gold 200 OK (341ms)
[wrangler:info] GET /api/xag 200 OK (492ms)
[wrangler:info] GET /api/gold 200 OK (467ms)
[wrangler:info] GET /api/xag 200 OK (403ms)
[wrangler:info] GET /api/gold 200 OK (276ms)
[wrangler:info] GET /api/xag 200 OK (838ms)
[wrangler:info] GET /api/gold 200 OK (303ms)
[wrangler:info] GET /api/xag 200 OK (534ms)
[wrangler:info] GET /api/gold 200 OK (554ms)
[wrangler:info] GET /api/xag 200 OK (610ms)
[wrangler:info] GET /api/gold 200 OK (295ms)
[wrangler:info] GET /api/xag 200 OK (492ms)
[wrangler:info] GET /api/gold 200 OK (412ms)
[wrangler:info] GET /api/xag 200 OK (507ms)
[wrangler:info] GET /api/gold 200 OK (337ms)
[wrangler:info] GET /api/xag 200 OK (415ms)
[wrangler:info] GET /api/gold 200 OK (495ms)
[wrangler:info] GET /api/xag 200 OK (1003ms)
[wrangler:info] GET /api/gold 200 OK (309ms)
[wrangler:info] GET /api/xag 200 OK (751ms)
[wrangler:info] GET /api/gold 200 OK (348ms)
[wrangler:info] GET /api/xag 200 OK (493ms)
[wrangler:info] GET /api/gold 200 OK (450ms)
[wrangler:info] GET /api/xag 200 OK (507ms)
[wrangler:info] GET /api/gold 200 OK (659ms)
[wrangler:info] GET /api/xag 200 OK (479ms)
[wrangler:info] GET /api/gold 200 OK (359ms)
[wrangler:info] GET /api/xag 200 OK (301ms)
[wrangler:info] GET /api/gold 200 OK (678ms)
[wrangler:info] GET /api/xag 200 OK (610ms)
[wrangler:info] GET /api/gold 200 OK (472ms)
[wrangler:info] GET /api/xag 200 OK (506ms)
[wrangler:info] GET /api/gold 200 OK (238ms)
[wrangler:info] GET /api/xag 200 OK (304ms)
[wrangler:info] GET /api/gold 200 OK (333ms)
[wrangler:info] GET /api/xag 200 OK (1978ms)
[wrangler:info] GET /api/gold 200 OK (393ms)
[wrangler:info] GET /api/xag 200 OK (471ms)
[wrangler:info] GET /api/gold 200 OK (329ms)
[wrangler:info] GET /api/xag 200 OK (401ms)
[Tue 05/12/2026 10:05:28.66] Starting Wrangler Pages Dev Server in c:\Users\Fischer\krit-gold 

 ⛅️ wrangler 4.90.0
───────────────────
[33m▲ [43;33m[[43;30mWARNING[43;33m][0m [1mNo compatibility_date was specified. Using today's date: 2026-05-12.[0m

  ❯❯ Add one to your Wrangler configuration file: compatibility_date = "2026-05-12", or
  ❯❯ Pass it in your terminal: wrangler pages dev [<DIRECTORY>] --compatibility-date=2026-05-12
  
  See [4mhttps://developers.cloudflare.com/workers/platform/compatibility-dates/[0m for more information.


✨ Compiled Worker successfully
Your Worker has access to the following bindings:
Binding                                                                   Resource                  Mode
env.CF_PAGES ("1")                                                        Environment Variable      local
env.CF_PAGES_BRANCH ("main")                                              Environment Variable      local
env.CF_PAGES_COMMIT_SHA ("204a6dff7cd8262be8a4b2d748d7b7c5e20fb...")      Environment Variable      local
env.CF_PAGES_URL ("https://204a6df.krit-gold.pages.dev")                  Environment Variable      local

⎔ Starting local server...
[wrangler:info] Ready on http://0.0.0.0:8788
[wrangler:info] - http://192.168.1.124:8788
[wrangler:info] - http://127.0.0.1:8788
[wrangler:info] - http://172.24.48.1:8788
[wrangler:info] GET / 304 Not Modified (29ms)
[wrangler:info] GET /css/style.css 304 Not Modified (10ms)
[wrangler:info] GET /images/logo.jpg 200 OK (17ms)
[wrangler:info] GET /js/app.js 304 Not Modified (15ms)
[wrangler:info] GET /images/xray.png 304 Not Modified (22ms)
[wrangler:info] GET /images/bg.png 304 Not Modified (105ms)
[wrangler:info] GET /images/cover.jpg 304 Not Modified (106ms)
[wrangler:info] GET /images/banner.jpg 304 Not Modified (106ms)
[wrangler:info] GET /api/gold 200 OK (360ms)
[wrangler:info] GET /api/xag 200 OK (403ms)
[wrangler:info] GET /api/gold 200 OK (178ms)
[wrangler:info] GET /api/xag 200 OK (297ms)
[wrangler:info] GET /api/gold 200 OK (378ms)
[wrangler:info] GET /api/xag 200 OK (264ms)
[wrangler:info] GET /api/gold 200 OK (159ms)
[wrangler:info] GET /api/xag 200 OK (300ms)
[wrangler:info] GET /api/gold 200 OK (130ms)
[wrangler:info] GET /api/xag 200 OK (222ms)
[wrangler:info] GET /api/gold 200 OK (179ms)
[wrangler:info] GET /api/xag 200 OK (257ms)
[wrangler:info] GET /api/gold 200 OK (123ms)
[wrangler:info] GET /api/xag 200 OK (311ms)
[wrangler:info] GET /api/gold 200 OK (146ms)
[wrangler:info] GET /api/xag 200 OK (280ms)
[wrangler:info] GET /api/gold 200 OK (177ms)
[wrangler:info] GET /api/xag 200 OK (296ms)
